<?xml version="1.0" encoding="UTF-8"?>
<testsuites name="jest tests" tests="3" failures="0" errors="0" time="0.812">
  <testsuite name="&lt;Error /&gt; - Default Props" errors="0" failures="0" skipped="0" timestamp="2026-01-07T18:25:08" time="0.393" tests="3">
    <testcase classname="&lt;Error /&gt; - Default Props renders Error correctly" name="&lt;Error /&gt; - Default Props renders Error correctly" time="0.016">
    </testcase>
    <testcase classname="&lt;Error /&gt; - Default Props renders Error with error role" name="&lt;Error /&gt; - Default Props renders Error with error role" time="0.024">
    </testcase>
    <testcase classname="&lt;Error /&gt; - Custom Props renders nothing when message is empty" name="&lt;Error /&gt; - Custom Props renders nothing when message is empty" time="0.002">
    </testcase>
  </testsuite>
</testsuites>